// Jest Snapshot v1, https://goo.gl/fbAQLP

exports[`snapshots 1`] = `
<div
  className="InlineStudentProfile"
  style={
    Object {
      "fontSize": 14,
      "margin": 20,
    }
  }
>
  <h4
    style={
      Object {
        "alignItems": "center",
        "display": "flex",
        "justifyContent": "space-between",
      }
    }
  >
    <div
      style={
        Object {
          "alignItems": "center",
          "display": "flex",
          "justifyContent": "flex-start",
        }
      }
    >
      <div
        className="StudentPhotoCropped"
        style={
          Object {
            "backgroundColor": "#ddd",
            "backgroundImage": "url(/students/1/photo)",
            "backgroundPosition": "center top",
            "backgroundPositionY": -10,
            "backgroundRepeat": "no-repeat",
            "backgroundSize": "150%",
            "border": "1px solid #ddd",
            "borderRadius": 3,
            "height": 58,
            "marginRight": 10,
            "overflow": "hidden",
            "width": 58,
          }
        }
      />
      <a
        href="/students/1"
        rel="noopener noreferrer"
        style={
          Object {
            "fontSize": 24,
            "fontWeight": "bold",
          }
        }
        target="_blank"
      >
        Garfield
         
        Skywalker
      </a>
    </div>
    <a
      href="/students/1"
      rel="noopener noreferrer"
      style={
        Object {
          "fontSize": 12,
        }
      }
      target="_blank"
    >
      Open full profile
    </a>
  </h4>
  <div
    style={Object {}}
  >
    <div
      style={
        Object {
          "fontSize": 12,
          "marginTop": 10,
        }
      }
    >
      <div
        className="SectionHeading"
        style={
          Object {
            "borderBottom": "1px solid #333",
            "padding": 10,
          }
        }
      >
        <h4
          style={
            Object {
              "color": "black",
              "display": "inline",
            }
          }
        >
          Equity checks
        </h4>
      </div>
      <div
        style={
          Object {
            "display": "flex",
            "flexDirection": "row",
            "marginLeft": 10,
            "marginRight": 10,
          }
        }
      >
        <div
          style={
            Object {
              "display": "flex",
              "flex": 1,
              "flexDirection": "column",
            }
          }
        >
          <div
            style={
              Object {
                "flex": 1,
                "padding": 5,
                "paddingBottom": 0,
              }
            }
            title="Students who have an IEP or 504 plan."
          >
            IEP or 504
          </div>
          <div
            style={
              Object {
                "backgroundColor": "white",
                "margin": 5,
                "padding": 5,
                "textAlign": "center",
              }
            }
          />
        </div>
        <div
          style={
            Object {
              "display": "flex",
              "flex": 1,
              "flexDirection": "column",
            }
          }
        >
          <div
            style={
              Object {
                "flex": 1,
                "padding": 5,
                "paddingBottom": 0,
              }
            }
            title="Students receiving English Learning Services or who have in the pastÂ (FLEP)."
          >
            Limited or FLEP
          </div>
          <div
            style={
              Object {
                "backgroundColor": "white",
                "margin": 5,
                "padding": 5,
                "textAlign": "center",
              }
            }
          />
        </div>
        <div
          style={
            Object {
              "display": "flex",
              "flex": 1,
              "flexDirection": "column",
            }
          }
        >
          <div
            style={
              Object {
                "flex": 1,
                "padding": 5,
                "paddingBottom": 0,
              }
            }
            title="Students broken down by whether they identify their gender as male, female or nonbinary."
          >
            Gender identity
          </div>
          <div
            style={
              Object {
                "backgroundColor": "rgba(81, 185, 86, 0.5)",
                "margin": 5,
                "padding": 5,
                "textAlign": "center",
              }
            }
          />
        </div>
        <div
          style={
            Object {
              "display": "flex",
              "flex": 1,
              "flexDirection": "column",
            }
          }
        >
          <div
            style={
              Object {
                "flex": 1,
                "padding": 5,
                "paddingBottom": 0,
              }
            }
            title="Students whose are enrolled in the free or reduced lunch program."
          >
            Reduced lunch
          </div>
          <div
            style={
              Object {
                "backgroundColor": "white",
                "margin": 5,
                "padding": 5,
                "textAlign": "center",
              }
            }
          />
        </div>
        <div
          style={
            Object {
              "display": "flex",
              "flex": 1,
              "flexDirection": "column",
            }
          }
        >
          <div
            style={
              Object {
                "flex": 1,
                "padding": 5,
                "paddingBottom": 0,
              }
            }
            title="Students who had three or more discipline incidents of any kind during this past school year.  Discipline incidents vary in severity; click on the student's name to see more in their profile."
          >
            Discipline, 3+
          </div>
          <div
            style={
              Object {
                "backgroundColor": "white",
                "margin": 5,
                "padding": 5,
                "textAlign": "center",
              }
            }
          />
        </div>
        <div
          style={
            Object {
              "display": "flex",
              "flex": 1,
              "flexDirection": "column",
            }
          }
        >
          <div
            style={
              Object {
                "flex": 1,
                "padding": 5,
                "paddingBottom": 0,
              }
            }
            title="A boxplot showing the range of students' latest STAR Math percentile scores.  The number represents the median score.  When clicking, green represents students above the 70th percentile and red represents students below the 30th percentile."
          >
            STAR Math
          </div>
          <div
            style={
              Object {
                "backgroundColor": "white",
                "margin": 5,
                "padding": 5,
                "textAlign": "center",
              }
            }
          />
        </div>
        <div
          style={
            Object {
              "display": "flex",
              "flex": 1,
              "flexDirection": "column",
            }
          }
        >
          <div
            style={
              Object {
                "flex": 1,
                "padding": 5,
                "paddingBottom": 0,
              }
            }
            title="A boxplot showing the range of students' latest STAR Reading percentile scores.  The number represents the median score.  When clicking, green represents students above the 70th percentile and red represents students below the 30th percentile."
          >
            STAR Reading
          </div>
          <div
            style={
              Object {
                "backgroundColor": "white",
                "margin": 5,
                "padding": 5,
                "textAlign": "center",
              }
            }
          />
        </div>
      </div>
    </div>
    <div
      style={
        Object {
          "marginTop": 20,
        }
      }
    >
      <div
        style={
          Object {
            "paddingTop": 20,
          }
        }
      >
        <div
          className="SectionHeading"
          style={
            Object {
              "borderBottom": "1px solid #333",
              "padding": 10,
            }
          }
        >
          <h4
            style={
              Object {
                "color": "black",
                "display": "inline",
              }
            }
          >
            Notes for 
            Garfield
          </h4>
        </div>
        <div
          style={
            Object {
              "padding": 10,
            }
          }
        >
          Loading...
        </div>
      </div>
    </div>
  </div>
</div>
`;
