// Jest Snapshot v1, https://goo.gl/fbAQLP

exports[`snapshots view 1`] = `
<div
  className="InsightQuote InsightAboutTeamMembership"
  style={
    Object {
      "display": "flex",
      "flex": 1,
      "flexDirection": "column",
    }
  }
>
  <div
    style={
      Object {
        "display": "flex",
        "flex": 1,
        "margin": 20,
        "marginBottom": 0,
        "marginTop": 15,
      }
    }
  >
    <div
      style={
        Object {
          "display": "flex",
          "flex": 1,
          "flexDirection": "column",
          "overflow": "hidden",
        }
      }
    >
      <mocked-fit-text
        fontSizeStep={6}
        maxFontSize={42}
        minFontSize={12}
        text={
          <span>
            Mari
             
            is
             on the 
            <Team
              team={
                Object {
                  "active": true,
                  "activity_text": "Indoor Track - Girls Varsity",
                  "coach_text": "2018-19",
                  "season_key": "winter",
                }
              }
            />
             team
          </span>
        }
      />
    </div>
  </div>
  <div
    style={
      Object {
        "alignItems": "flex-end",
        "display": "flex",
        "flexDirection": "row",
        "fontSize": 12,
        "justifyContent": "space-between",
        "margin": 20,
        "marginBottom": 15,
        "marginTop": 10,
      }
    }
  >
    <div>
      <div>
        <div>
          with coach 
          2018-19
        </div>
        <div>
          during the 
          winter
           season
        </div>
      </div>
    </div>
  </div>
</div>
`;
