// Jest Snapshot v1, https://goo.gl/fbAQLP

exports[`snapshots view 1`] = `
<div
  className="McasChart"
>
  <pre
    className="Mocked-HighchartsWrapper"
  >
    {"chart":{"renderTo":"chart","type":"areaspline","spacingBottom":0,"spacingTop":0,"spacingLeft":0,"spacingRight":0,"marginTop":10},"title":{"text":"","style":{"display":"none"}},"legend":{"enabled":false,"layout":"horizontal","align":"right","verticalAlign":"top","itemStyle":{"font":"12px \\"Open Sans\\", sans-serif !important;","color":"#555555"}},"tooltip":{"shared":true},"credits":{"enabled":false},"plotOptions":{"areaspline":{"fillOpacity":0}},"yAxis":{"allowDecimals":false,"title":{"text":"Scaled score"},"plotLines":[{"color":"#E7EBED","from":440,"to":469,"label":{"text":"Not Meeting Expectations","align":"left","style":{"color":"#999999"}}},{"color":"#F6F7F8","from":470,"to":499,"label":{"text":"Partially Meeting","align":"left","style":{"color":"#999999"}}},{"color":"#E7EBED","from":500,"to":529,"label":{"text":"Meeting Expectations","align":"left","style":{"color":"#999999"}}},{"color":"#F6F7F8","from":530,"to":560,"label":{"text":"Exceeding Expectations","align":"left","style":{"color":"#999999"}}}]},"xAxis":[{"type":"datetime","min":1394708586123,"max":1520938986123,"labels":{}},{"type":"datetime","offset":35,"linkedTo":0,"tickPositions":[1376524800000,1408060800000,1439596800000,1471219200000,1502755200000],"categories":{"1376524800000":"&lt;b&gt;Grade 4&lt;br&gt;started&lt;/b&gt;","1408060800000":"&lt;b&gt;Grade 5&lt;br&gt;started&lt;/b&gt;","1439596800000":"&lt;b&gt;Grade 6&lt;br&gt;started&lt;/b&gt;","1471219200000":"&lt;b&gt;Grade 7&lt;br&gt;started&lt;/b&gt;","1502755200000":"&lt;b&gt;Grade 8&lt;br&gt;started&lt;/b&gt;"}}],"series":[{"name":"Scaled score","data":[]}]}
  </pre>
</div>
`;
