// Jest Snapshot v1, https://goo.gl/fbAQLP

exports[` 1`] = `
Array [
  <div>
    <div
      className="wrapper"
      style={
        Object {
          "display": "flex",
        }
      }
    >
      <div
        className="NoteCard"
        style={
          Object {
            "border": "1px solid #eee",
            "marginBottom": 10,
            "marginTop": 10,
            "padding": 15,
            "width": "100%",
          }
        }
      >
        <div
          style={
            Object {
              "display": "flex",
              "justifyContent": "space-between",
            }
          }
        >
          <span
            className="date"
            style={
              Object {
                "display": "inline-block",
                "fontWeight": "bold",
                "paddingRight": 10,
                "width": "11em",
              }
            }
          >
            February 22, 2018
          </span>
          <span />
          <span
            style={
              Object {
                "display": "inline-block",
                "paddingLeft": 5,
              }
            }
          >
            <a
              className="Educator"
              href="mailto:demo@example.com"
              style={Object {}}
            >
              demo@
            </a>
          </span>
        </div>
        <div
          style={
            Object {
              "marginTop": 10,
            }
          }
        >
          <div
            className="EditableNoteText"
          >
            <textarea
              className="ResizingTextArea"
              onChange={[Function]}
              style={
                Object {
                  "border": 0,
                  "borderRadius": 3,
                  "fontFamily": "'Open Sans', sans-serif",
                  "fontSize": 14,
                  "marginTop": 5,
                  "outline": "1px solid transparent",
                  "overflowX": "hidden",
                  "padding": 0,
                  "resize": "none",
                  "whiteSpace": "pre-wrap",
                  "width": "100%",
                  "wordBreak": "break-word",
                }
              }
              value="hello!"
            />
          </div>
          <div
            style={
              Object {
                "alignItems": "center",
                "display": "flex",
                "justifyContent": "space-between",
                "marginTop": 15,
              }
            }
          >
            <span>
               
            </span>
            <span>
               
            </span>
          </div>
        </div>
      </div>
    </div>
  </div>,
  <div>
    <div
      className="wrapper"
      style={
        Object {
          "display": "flex",
        }
      }
    >
      <div
        className="NoteCard"
        style={
          Object {
            "border": "1px solid #eee",
            "marginBottom": 10,
            "marginTop": 10,
            "padding": 15,
            "width": "100%",
          }
        }
      >
        <div
          style={
            Object {
              "display": "flex",
              "justifyContent": "space-between",
            }
          }
        >
          <span
            className="date"
            style={
              Object {
                "display": "inline-block",
                "fontWeight": "bold",
                "paddingRight": 10,
                "width": "11em",
              }
            }
          >
            February 22, 2018
          </span>
          <span />
          <span
            style={
              Object {
                "display": "inline-block",
                "paddingLeft": 5,
              }
            }
          >
            <a
              className="Educator"
              href="mailto:demo@example.com"
              style={Object {}}
            >
              demo@
            </a>
          </span>
        </div>
        <div
          style={
            Object {
              "marginTop": 10,
            }
          }
        >
          <div
            className="EditableNoteText"
          >
            <textarea
              className="ResizingTextArea"
              onChange={[Function]}
              style={
                Object {
                  "border": 0,
                  "borderRadius": 3,
                  "fontFamily": "'Open Sans', sans-serif",
                  "fontSize": 14,
                  "marginTop": 5,
                  "outline": "1px solid transparent",
                  "overflowX": "hidden",
                  "padding": 0,
                  "resize": "none",
                  "whiteSpace": "pre-wrap",
                  "width": "100%",
                  "wordBreak": "break-word",
                }
              }
              value="hello!"
            />
          </div>
          <div
            style={
              Object {
                "alignItems": "center",
                "display": "flex",
                "justifyContent": "space-between",
                "marginTop": 15,
              }
            }
          >
            <span
              style={
                Object {
                  "color": "#aaa",
                  "fontSize": 12,
                }
              }
            >
              <span>
                Revised 
              </span>
              12 days ago
            </span>
            <span>
               
            </span>
          </div>
        </div>
      </div>
    </div>
  </div>,
  <div>
    <div
      className="wrapper"
      style={
        Object {
          "display": "flex",
        }
      }
    >
      <div
        className="NoteCard"
        style={
          Object {
            "border": "1px solid #eee",
            "marginBottom": 10,
            "marginTop": 10,
            "padding": 15,
            "width": "100%",
          }
        }
      >
        <div
          style={
            Object {
              "display": "flex",
              "justifyContent": "space-between",
            }
          }
        >
          <span
            className="date"
            style={
              Object {
                "display": "inline-block",
                "fontWeight": "bold",
                "paddingRight": 10,
                "width": "11em",
              }
            }
          >
            February 22, 2018
          </span>
          <span />
          <span
            style={
              Object {
                "display": "inline-block",
                "paddingLeft": 5,
              }
            }
          >
            <a
              className="Educator"
              href="mailto:demo@example.com"
              style={Object {}}
            >
              demo@
            </a>
          </span>
        </div>
        <div
          style={
            Object {
              "marginTop": 10,
            }
          }
        >
          <div
            className="EditableNoteText"
          >
            <textarea
              className="ResizingTextArea"
              onChange={[Function]}
              style={
                Object {
                  "border": 0,
                  "borderRadius": 3,
                  "fontFamily": "'Open Sans', sans-serif",
                  "fontSize": 14,
                  "marginTop": 5,
                  "outline": "1px solid transparent",
                  "overflowX": "hidden",
                  "padding": 0,
                  "resize": "none",
                  "whiteSpace": "pre-wrap",
                  "width": "100%",
                  "wordBreak": "break-word",
                }
              }
              value="hello!"
            />
          </div>
          <div
            style={
              Object {
                "alignItems": "center",
                "display": "flex",
                "justifyContent": "space-between",
                "marginTop": 15,
              }
            }
          >
            <span
              style={
                Object {
                  "color": "#aaa",
                  "fontSize": 12,
                }
              }
            >
              <span>
                Revised 
              </span>
              on 12/19/16
            </span>
            <span>
               
            </span>
          </div>
        </div>
      </div>
    </div>
  </div>,
  <div>
    <div
      className="wrapper"
      style={
        Object {
          "display": "flex",
        }
      }
    >
      <div
        className="NoteCard"
        style={
          Object {
            "border": "1px solid #eee",
            "marginBottom": 10,
            "marginTop": 10,
            "padding": 15,
            "width": "100%",
          }
        }
      >
        <div
          style={
            Object {
              "display": "flex",
              "justifyContent": "space-between",
            }
          }
        >
          <span
            className="date"
            style={
              Object {
                "display": "inline-block",
                "fontWeight": "bold",
                "paddingRight": 10,
                "width": "11em",
              }
            }
          >
            February 22, 2018
          </span>
          <span />
          <span
            style={
              Object {
                "display": "inline-block",
                "paddingLeft": 5,
              }
            }
          >
            <a
              className="Educator"
              href="mailto:demo@example.com"
              style={Object {}}
            >
              demo@
            </a>
          </span>
        </div>
        <div
          style={
            Object {
              "marginTop": 10,
            }
          }
        >
          <div
            className="EditableNoteText"
          >
            <textarea
              className="ResizingTextArea"
              onChange={[Function]}
              style={
                Object {
                  "border": 0,
                  "borderRadius": 3,
                  "fontFamily": "'Open Sans', sans-serif",
                  "fontSize": 14,
                  "marginTop": 5,
                  "outline": "1px solid transparent",
                  "overflowX": "hidden",
                  "padding": 0,
                  "resize": "none",
                  "whiteSpace": "pre-wrap",
                  "width": "100%",
                  "wordBreak": "break-word",
                }
              }
              value="hello!"
            />
          </div>
          <div
            style={
              Object {
                "alignItems": "center",
                "display": "flex",
                "justifyContent": "space-between",
                "marginTop": 15,
              }
            }
          >
            <span>
               
            </span>
            <span
              style={
                Object {
                  "color": "#aaa",
                  "fontSize": 12,
                }
              }
            >
              Saving...
            </span>
          </div>
        </div>
      </div>
    </div>
  </div>,
  <div>
    <div
      className="wrapper"
      style={
        Object {
          "display": "flex",
        }
      }
    >
      <div
        className="NoteCard"
        style={
          Object {
            "border": "1px solid #eee",
            "marginBottom": 10,
            "marginTop": 10,
            "padding": 15,
            "width": "100%",
          }
        }
      >
        <div
          style={
            Object {
              "display": "flex",
              "justifyContent": "space-between",
            }
          }
        >
          <span
            className="date"
            style={
              Object {
                "display": "inline-block",
                "fontWeight": "bold",
                "paddingRight": 10,
                "width": "11em",
              }
            }
          >
            February 22, 2018
          </span>
          <span />
          <span
            style={
              Object {
                "display": "inline-block",
                "paddingLeft": 5,
              }
            }
          >
            <a
              className="Educator"
              href="mailto:demo@example.com"
              style={Object {}}
            >
              demo@
            </a>
          </span>
        </div>
        <div
          style={
            Object {
              "marginTop": 10,
            }
          }
        >
          <div
            className="EditableNoteText"
          >
            <textarea
              className="ResizingTextArea"
              onChange={[Function]}
              style={
                Object {
                  "border": 0,
                  "borderRadius": 3,
                  "fontFamily": "'Open Sans', sans-serif",
                  "fontSize": 14,
                  "marginTop": 5,
                  "outline": "1px solid transparent",
                  "overflowX": "hidden",
                  "padding": 0,
                  "resize": "none",
                  "whiteSpace": "pre-wrap",
                  "width": "100%",
                  "wordBreak": "break-word",
                }
              }
              value="hello!"
            />
          </div>
          <div
            style={
              Object {
                "alignItems": "center",
                "display": "flex",
                "justifyContent": "space-between",
                "marginTop": 15,
              }
            }
          >
            <span>
               
            </span>
            <span
              style={
                Object {
                  "alignItems": "center",
                  "color": "#ff9b00",
                  "display": "flex",
                  "fontSize": 12,
                  "fontWeight": "bold",
                }
              }
            >
              <span>
                Your note is not saved
              </span>
              <div
                className="click-event-modal"
                style={
                  Object {
                    "display": "inline",
                    "fontSize": 12,
                    "marginLeft": 10,
                  }
                }
              >
                <a
                  href="#"
                  onClick={[Function]}
                  style={
                    Object {
                      "fontSize": 12,
                      "outline": "none",
                    }
                  }
                >
                  <span
                    style={
                      Object {
                        "color": "#3177c9",
                        "fontWeight": "normal",
                      }
                    }
                  >
                    Learn more
                  </span>
                </a>
              </div>
            </span>
          </div>
        </div>
      </div>
    </div>
  </div>,
]
`;
