// Jest Snapshot v1, https://goo.gl/fbAQLP

exports[`matches snapshot 1`] = `
<div
  className="EventNoteCard"
>
  <div
    className="Card FeedCardFrame"
    style={
      Object {
        "border": "1px solid #ccc",
        "borderRadius": 3,
        "padding": 10,
      }
    }
  >
    <div
      style={
        Object {
          "alignItems": "flex-start",
          "display": "flex",
          "flexDirection": "row",
          "justifyContent": "space-between",
        }
      }
    >
      <div
        style={
          Object {
            "display": "flex",
          }
        }
      >
        <div
          style={
            Object {
              "alignItems": "flex-start",
              "display": "flex",
              "flexDirection": "column",
              "justifyContent": "flex-start",
            }
          }
        >
          <div>
            <a
              href="/students/55"
              style={
                Object {
                  "fontWeight": "bold",
                }
              }
            >
              Mari
               
              Skywalker
            </a>
          </div>
          <div>
            9th grade
          </div>
          <div />
        </div>
      </div>
      <div
        style={
          Object {
            "alignItems": "flex-end",
            "display": "flex",
            "flexDirection": "column",
          }
        }
      >
        <div>
          <div>
            <span>
              by 
            </span>
            <a
              className="Educator"
              href="mailto:kt@demo.studentinsights.org"
              style={
                Object {
                  "fontWeight": "bold",
                }
              }
            >
              Kevin Teacher
            </a>
          </div>
        </div>
        <div>
          <div>
            in 
            9th Grade Experience
          </div>
        </div>
        <div>
          <div
            className="Timestamp"
            style={Object {}}
          >
            14 years ago
             on 
            3/5
          </div>
        </div>
      </div>
    </div>
    <div
      style={
        Object {
          "marginBottom": 20,
          "marginTop": 20,
        }
      }
    >
      <div
        className="NoteText"
        style={
          Object {
            "border": "1px solid transparent",
            "fontFamily": "'Open Sans', sans-serif",
            "fontSize": 14,
            "marginTop": 5,
            "overflowX": "hidden",
            "padding": 0,
            "whiteSpace": "pre-wrap",
            "wordBreak": "break-word",
          }
        }
      >
        hello!
      </div>
    </div>
    <div
      className="FeedCardFrame-footer"
      style={
        Object {
          "display": "flex",
          "justifyContent": "space-between",
          "marginBottom": 5,
        }
      }
    >
      <div />
      <div>
        <span
          className="HouseBadge"
          style={
            Object {
              "backgroundColor": "#333",
              "color": "white",
              "marginLeft": 5,
              "opacity": 0.5,
              "padding": 5,
            }
          }
        >
          Beacon house
        </span>
        <span
          className="Badge"
          style={
            Object {
              "backgroundColor": "#139DEA",
              "color": "white",
              "marginLeft": 5,
              "opacity": 0.5,
              "padding": 5,
            }
          }
        >
          9th Grade Experience
        </span>
      </div>
    </div>
  </div>
</div>
`;
